Hit:1 http://us-central1.gce.archive.ubuntu.com/ubuntu noble InRelease
Get:2 http://us-central1.gce.archive.ubuntu.com/ubuntu noble-updates InRelease [126 kB]
Get:3 http://us-central1.gce.archive.ubuntu.com/ubuntu noble-backports InRelease [126 kB]
Get:4 http://us-central1.gce.archive.ubuntu.com/ubuntu noble-security InRelease [126 kB]
Get:5 https://download.docker.com/linux/ubuntu noble InRelease [48.5 kB]
Get:6 https://dl.google.com/linux/chrome/deb stable InRelease [1825 B]
Get:7 http://us-central1.gce.archive.ubuntu.com/ubuntu noble-updates/restricted amd64 Packages [1530 kB]
Get:8 http://us-central1.gce.archive.ubuntu.com/ubuntu noble-updates/main amd64 Packages [1364 kB]
Get:9 http://us-central1.gce.archive.ubuntu.com/ubuntu noble-updates/multiverse amd64 Packages [49.5 kB]
Get:10 http://us-central1.gce.archive.ubuntu.com/ubuntu noble-updates/universe amd64 Packages [2113 kB]
Get:11 http://us-central1.gce.archive.ubuntu.com/ubuntu noble-backports/multiverse amd64 Packages [671 B]
Get:12 http://us-central1.gce.archive.ubuntu.com/ubuntu noble-backports/main amd64 Packages [48.9 kB]
Get:13 http://us-central1.gce.archive.ubuntu.com/ubuntu noble-backports/universe amd64 Packages [35.9 kB]
Get:14 http://us-central1.gce.archive.ubuntu.com/ubuntu noble-security/restricted amd64 Packages [1422 kB]
Get:15 http://us-central1.gce.archive.ubuntu.com/ubuntu noble-security/multiverse amd64 Packages [43.8 kB]
Get:16 http://us-central1.gce.archive.ubuntu.com/ubuntu noble-security/universe amd64 Packages [1495 kB]
Get:17 http://us-central1.gce.archive.ubuntu.com/ubuntu noble-security/main amd64 Packages [1033 kB]
Get:18 https://ppa.launchpadcontent.net/git-core/ppa/ubuntu noble InRelease [24.3 kB]
Get:19 https://download.docker.com/linux/ubuntu noble/stable amd64 Packages [72.8 kB]
Get:20 https://dl.google.com/linux/chrome/deb stable/main amd64 Packages [1221 B]
Get:21 https://ppa.launchpadcontent.net/git-core/ppa/ubuntu noble/main amd64 Packages [2988 B]
Fetched 9666 kB in 1s (9741 kB/s)
Reading package lists...
